// Jest Snapshot v1, https://goo.gl/fbAQLP

exports[`Button renders component unchanged 1`] = `
<div>
  <button
    class="container"
  />
</div>
`;
